Traceback (most recent call last):
  File "/opt/hostedtoolcache/Python/3.11.16/x64/bin/ear-run", line 6, in <module>
    sys.exit(main())
             ^^^^^^
  File "/home/runner/work/Evidence-Induced-Answer-Reversals/Evidence-Induced-Answer-Reversals/src/ear/runner.py", line 56, in main
    run(p.parse_args())
  File "/home/runner/work/Evidence-Induced-Answer-Reversals/Evidence-Induced-Answer-Reversals/src/ear/runner.py", line 31, in run
    pred = backend.answer(ex.question, ex.passages[:use_k])
           ^^^^^^^^^^^^^^^^^^^^^^^^^^^^^^^^^^^^^^^^^^^^^^^^
  File "/home/runner/work/Evidence-Induced-Answer-Reversals/Evidence-Induced-Answer-Reversals/src/ear/backends.py", line 39, in answer
    with urllib.request.urlopen(req, timeout=180) as r:
         ^^^^^^^^^^^^^^^^^^^^^^^^^^^^^^^^^^^^^^^^
  File "/opt/hostedtoolcache/Python/3.11.16/x64/lib/python3.11/urllib/request.py", line 216, in urlopen
    return opener.open(url, data, timeout)
           ^^^^^^^^^^^^^^^^^^^^^^^^^^^^^^^
  File "/opt/hostedtoolcache/Python/3.11.16/x64/lib/python3.11/urllib/request.py", line 525, in open
    response = meth(req, response)
               ^^^^^^^^^^^^^^^^^^^
  File "/opt/hostedtoolcache/Python/3.11.16/x64/lib/python3.11/urllib/request.py", line 634, in http_response
    response = self.parent.error(
               ^^^^^^^^^^^^^^^^^^
  File "/opt/hostedtoolcache/Python/3.11.16/x64/lib/python3.11/urllib/request.py", line 563, in error
    return self._call_chain(*args)
           ^^^^^^^^^^^^^^^^^^^^^^^
  File "/opt/hostedtoolcache/Python/3.11.16/x64/lib/python3.11/urllib/request.py", line 496, in _call_chain
    result = func(*args)
             ^^^^^^^^^^^
  File "/opt/hostedtoolcache/Python/3.11.16/x64/lib/python3.11/urllib/request.py", line 643, in http_error_default
    raise HTTPError(req.full_url, code, msg, hdrs, fp)
urllib.error.HTTPError: HTTP Error 429: Too Many Requests
